roundcube
microsoft team
microsoft teams
spotify
verify billing details
verify your billing details
update billing
payment was unsuccessful
inbox is full
mailbox is full
email account is full
storage is almost full
quota exceeded
cdt
Alzheimer
Memory Restoration
Natural Memory Restoration
Natural "Memory Restoration" Protocol
CNN News | Health
Bill Gates Invests
Natural Memory Restoration Project
ABC News Exclusive
Medical Alert: Do this for your brain
Natural "Memory Restoration"
Memory Restoration Project
Memory Restoration Protocol
Alzheimer's crisis
Alzheimer's Project
Alzheimer's Alert
Alzheimer's Solution
CNN Health
CNN News
Memory restoration
Alzheimer's
Alzheimer’s
alzheimer
memory restoration
cnn news
cnn health
Microsoft Sharepoint
TikTok Shop
Jordan from TikTok
A new contract document has been shared
Your competitors launched in April
camprodon.biz
eduardo@camprodon.biz
Olivia Smith
Daniel Perez
Rohit Singh
I2K2TechSolution@outlook.com
SEO proposal
SEO plan
product boxes
ranking on Google
May I send you a short SEO proposal
pricing for your website
proven SEO strategies
your website looks good
lost traffic and leads
first page of Google
Taylor from TikTok
You're leaving $1,900 on the table
School of Digital Marketing
Digital Marketing Masterclass
